[starboy.finance/index.html]
[backblue.gif]
[fade.gif]
[index.html]
[starboy.finance/wp-includes/css/dist/block-library/style.min9f31.css]
[starboy.finance/feed/index.html]
[starboy.finance/comments/feed/index.html]
[starboy.finance/wp-content/uploads/stm_fonts/stmicons/stmicons20b9.css]
[starboy.finance/wp-content/plugins/stm-configurations/megamenu/assets/css/megamenuad05.css]
[maxcdn.bootstrapcdn.com/font-awesome/4.7.0/css/font-awesome.min1849.css]
[starboy.finance/wp-content/plugins/virtual_coin_widgets/assets/css/vcw605a.css]
[starboy.finance/wp-content/themes/crypterio/assets/css/bootstrap.min8066.css]
[starboy.finance/wp-content/themes/crypterio/assets/fonts/font-awesome/css/font-awesome.min8066.css]
[starboy.finance/wp-content/themes/crypterio/style8066.css]
[starboy.finance/wp-content/themes/crypterio/assets/css/vendors/select2.min8066.css]
[starboy.finance/wp-content/themes/crypterio/assets/css/ico_purple/main8066.css]
[starboy.finance/wp-content/themes/crypterio/assets/css/shared/main8066.css]
[starboy.finance/wp-content/plugins/js_composer/assets/css/js_composer.mine6df.css]
[starboy.finance/wp-content/plugins/pearl-header-builder/assets/frontend/assets/css/header/main5152.css]
[starboy.finance/wp-content/plugins/pearl-header-builder/assets/frontend/assets/vendor/sticky5152.css]
[starboy.finance/wp-content/plugins/pearl-header-builder/assets/frontend/assets/css/font-awesome.min5152.css]
[starboy.finance/wp-includes/js/jquery/jquery.min9d52.js]
[starboy.finance/wp-includes/js/jquery/jquery-migrate.mind617.js]
[starboy.finance/wp-content/plugins/stm-configurations/megamenu/assets/js/megamenuad05.js]
[starboy.finance/wp-content/themes/crypterio/assets/js/jquery.simplemarquee8066.js]
[starboy.finance/wp-json/wp/v2/pages/12.json]
[starboy.finance/wp-json/index.html]
[starboy.finance/xmlrpc0db0.php]
[starboy.finance/wp-includes/wlwmanifest.xml]
[starboy.finance/wp-json/oembed/1.0/embedc9e9.json]
[starboy.finance/wp-json/oembed/1.0/embed8807]
[starboy.finance/wp-content/uploads/2021/05/cropped-starboy-icon-32x32.png]
[starboy.finance/wp-content/uploads/2021/05/cropped-starboy-icon-192x192.png]
[starboy.finance/wp-content/uploads/2021/05/cropped-starboy-icon-180x180.png]
[starboy.finance/wp-content/uploads/2021/05/galaxy-two-scaled649a.jpg]
[starboy.finance/wp-content/uploads/2021/05/starboy-logo.png]
[starboy.finance/wp-content/uploads/2021/05/STARBOY_LITEPAPER_V1.pdf]
[starboy.finance/wp-content/uploads/2021/05/starboy-large.png]
[starboy.finance/wp-content/uploads/2021/05/starbo-on-whale.png]
[starboy.finance/wp-content/uploads/2021/05/cmc-soon.png]
[starboy.finance/wp-content/uploads/2021/05/cg-soon.png]
[starboy.finance/wp-content/uploads/2021/05/blockfolio-soon.png]
[starboy.finance/wp-content/plugins/js_composer/assets/lib/bower/animate-css/animate.mine6df.css]
[starboy.finance/wp-content/plugins/js_composer/assets/css/lib/typicons/src/font/typicons.mine6df.css]
[starboy.finance/wp-content/plugins/js_composer/assets/lib/bower/font-awesome/css/v4-shims.mine6df.css]
[starboy.finance/wp-content/plugins/js_composer/assets/lib/bower/font-awesome/css/all.mine6df.css]
[starboy.finance/wp-content/themes/crypterio/assets/css/shared/vc/stm_panel_box8066.css]
[starboy.finance/wp-content/themes/crypterio/assets/css/shared/vc/stm_timeline_white8066.css]
[cdnjs.cloudflare.com/ajax/libs/money.js/0.2.0/money.mine480.js]
[starboy.finance/wp-content/plugins/virtual_coin_widgets/assets/js/vcw.min605a.js]
[starboy.finance/wp-content/themes/crypterio/assets/js/bootstrap.min8066.js]
[starboy.finance/wp-content/themes/crypterio/assets/js/vendors/select2.min8066.js]
[starboy.finance/wp-content/themes/crypterio/assets/js/lazysizes-umd.min8066.js]
[starboy.finance/wp-content/themes/crypterio/assets/js/custom8066.js]
[starboy.finance/wp-content/plugins/pearl-header-builder/assets/frontend/assets/js/app5152.js]
[starboy.finance/wp-content/plugins/pearl-header-builder/assets/frontend/assets/js/sticky5152.js]
[starboy.finance/wp-includes/js/wp-embed.min9f31.js]
[starboy.finance/wp-content/plugins/js_composer/assets/js/dist/js_composer_front.mine6df.js]
[starboy.finance/wp-content/plugins/js_composer/assets/lib/vc_waypoints/vc-waypoints.mine6df.js]
[starboy.finance/index.html]
[starboy.finance/xmlrpc.php]
[starboy.finance/wp-includes/css/dist/block-library/style.min9f31.css]
[starboy.finance/wp-content/themes/crypterio/assets/js/particles.min8066.js]
[starboy.finance/wp-content/uploads/stm_fonts/stmicons/stme66f.eot]
[starboy.finance/wp-content/uploads/stm_fonts/stmicons/stme66f.ttf]
[starboy.finance/wp-content/uploads/stm_fonts/stmicons/stme66f.woff]
[starboy.finance/wp-content/uploads/stm_fonts/stmicons/stmicons20b9.css]
[starboy.finance/wp-content/plugins/stm-configurations/megamenu/assets/css/megamenuad05.css]
[maxcdn.bootstrapcdn.com/font-awesome/4.7.0/css/font-awesome.min1849.css]
[starboy.finance/wp-content/plugins/virtual_coin_widgets/assets/css/vcw605a.css]
[starboy.finance/wp-content/uploads/stm_fonts/stmicons/stme66f.svg]
[starboy.finance/wp-content/themes/crypterio/assets/fonts/glyphicons-halflings-regular.eot]
[starboy.finance/wp-content/themes/crypterio/assets/fonts/glyphicons-halflings-regulard41d.eot]
[starboy.finance/wp-content/themes/crypterio/assets/fonts/glyphicons-halflings-regular.woff2]
[starboy.finance/wp-content/themes/crypterio/assets/fonts/glyphicons-halflings-regular.woff]
[starboy.finance/wp-content/themes/crypterio/assets/fonts/glyphicons-halflings-regular.ttf]
[starboy.finance/wp-content/themes/crypterio/assets/css/bootstrap.min8066.css]
[starboy.finance/wp-content/themes/crypterio/assets/fonts/glyphicons-halflings-regular.svg]
[starboy.finance/wp-content/themes/crypterio/assets/fonts/font-awesome/fonts/fa-brands-400.eot]
[starboy.finance/wp-content/themes/crypterio/assets/fonts/font-awesome/fonts/fa-brands-400d41d.eot]
[starboy.finance/wp-content/themes/crypterio/assets/fonts/font-awesome/fonts/fa-brands-400.woff2]
[starboy.finance/wp-content/themes/crypterio/assets/fonts/font-awesome/fonts/fa-brands-400.woff]
[starboy.finance/wp-content/themes/crypterio/assets/fonts/font-awesome/fonts/fa-brands-400.ttf]
[starboy.finance/wp-content/themes/crypterio/assets/fonts/font-awesome/fonts/fa-regular-400.eot]
[starboy.finance/wp-content/themes/crypterio/assets/fonts/font-awesome/fonts/fa-brands-400.svg]
[starboy.finance/wp-content/themes/crypterio/assets/fonts/font-awesome/fonts/fa-regular-400d41d.eot]
[starboy.finance/wp-content/themes/crypterio/assets/fonts/font-awesome/fonts/fa-regular-400.woff2]
[starboy.finance/wp-content/themes/crypterio/assets/fonts/font-awesome/fonts/fa-regular-400.woff]
[starboy.finance/wp-content/themes/crypterio/assets/fonts/font-awesome/fonts/fa-regular-400.ttf]
[starboy.finance/wp-content/themes/crypterio/assets/fonts/font-awesome/fonts/fa-regular-400.svg]
[starboy.finance/wp-content/themes/crypterio/assets/fonts/font-awesome/fonts/fa-solid-900.eot]
[starboy.finance/wp-content/themes/crypterio/assets/fonts/font-awesome/fonts/fa-solid-900d41d.eot]
[starboy.finance/wp-content/themes/crypterio/assets/fonts/font-awesome/fonts/fa-solid-900.woff2]
[starboy.finance/wp-content/themes/crypterio/assets/fonts/font-awesome/fonts/fa-solid-900.woff]
[starboy.finance/wp-content/themes/crypterio/assets/fonts/font-awesome/fonts/fa-solid-900.ttf]
[starboy.finance/wp-content/themes/crypterio/assets/fonts/font-awesome/css/font-awesome.min8066.css]
[starboy.finance/wp-content/themes/crypterio/assets/fonts/font-awesome/fonts/fa-solid-900.svg]
[starboy.finance/wp-content/themes/crypterio/assets/images/bg/img_5.jpg]
[starboy.finance/wp-content/themes/crypterio/style8066.css]
[starboy.finance/wp-content/themes/crypterio/assets/images/page_404.jpg]
[starboy.finance/wp-content/themes/crypterio/assets/images/bg/img_1.jpg]
[starboy.finance/wp-content/themes/crypterio/assets/images/bg/img_2.jpg]
[starboy.finance/wp-content/themes/crypterio/assets/images/bg/img_3.png]
[starboy.finance/wp-content/themes/crypterio/assets/images/bg/img_4.png]
[starboy.finance/wp-content/themes/crypterio/assets/images/stroke.png]
[starboy.finance/wp-content/themes/crypterio/assets/images/stroke@2x.png]
[starboy.finance/wp-content/themes/crypterio/assets/images/pattern_3.png]
[starboy.finance/wp-content/themes/crypterio/assets/images/testimonials_before_2.png]
[starboy.finance/wp-content/themes/crypterio/assets/images/testimonials_before.png]
[starboy.finance/wp-content/themes/crypterio/assets/images/pattern_4.png]
[starboy.finance/wp-content/themes/crypterio/assets/images/preloader.gif]
[starboy.finance/wp-content/themes/crypterio/assets/images/comment_before.png]
[starboy.finance/wp-content/themes/crypterio/assets/images/video_overlay.png]
[starboy.finance/wp-content/themes/crypterio/assets/css/ico_purple/main8066.css]
[starboy.finance/wp-content/themes/crypterio/assets/css/vendors/select2.min8066.css]
[starboy.finance/wp-content/themes/crypterio/assets/css/shared/main8066.css]
[starboy.finance/wp-content/plugins/js_composer/assets/vc/alert.png]
[starboy.finance/wp-content/plugins/js_composer/assets/vc/info.png]
[starboy.finance/wp-content/plugins/js_composer/assets/vc/tick.png]
[starboy.finance/wp-content/plugins/js_composer/assets/vc/exclamation.png]
[starboy.finance/wp-content/plugins/js_composer/assets/images/icons/address-book.png]
[starboy.finance/wp-content/plugins/js_composer/assets/images/icons/alarm-clock.png]
[starboy.finance/wp-content/plugins/js_composer/assets/images/icons/anchor.png]
[starboy.finance/wp-content/plugins/js_composer/assets/images/icons/application-image.png]
[starboy.finance/wp-content/plugins/js_composer/assets/images/icons/arrow.png]
[starboy.finance/wp-content/plugins/js_composer/assets/images/icons/asterisk.png]
[starboy.finance/wp-content/plugins/js_composer/assets/images/icons/auction-hammer.png]
[starboy.finance/wp-content/plugins/js_composer/assets/images/icons/balloon.png]
[starboy.finance/wp-content/plugins/js_composer/assets/images/icons/balloon-buzz.png]
[starboy.finance/wp-content/plugins/js_composer/assets/images/icons/balloon-facebook.png]
[starboy.finance/wp-content/plugins/js_composer/assets/images/icons/balloon-twitter.png]
[starboy.finance/wp-content/plugins/js_composer/assets/images/icons/battery-full.png]
[starboy.finance/wp-content/plugins/js_composer/assets/images/icons/binocular.png]
[starboy.finance/wp-content/plugins/js_composer/assets/images/icons/blue-document-excel.png]
[starboy.finance/wp-content/plugins/js_composer/assets/images/icons/blue-document-image.png]
[starboy.finance/wp-content/plugins/js_composer/assets/images/icons/blue-document-music.png]
[starboy.finance/wp-content/plugins/js_composer/assets/images/icons/blue-document-office.png]
[starboy.finance/wp-content/plugins/js_composer/assets/images/icons/blue-document-pdf.png]
[starboy.finance/wp-content/plugins/js_composer/assets/images/icons/blue-document-powerpoint.png]
[starboy.finance/wp-content/plugins/js_composer/assets/images/icons/blue-document-word.png]
[starboy.finance/wp-content/plugins/js_composer/assets/images/icons/bookmark.png]
[starboy.finance/wp-content/plugins/js_composer/assets/images/icons/camcorder.png]
[starboy.finance/wp-content/plugins/js_composer/assets/images/icons/camera.png]
[starboy.finance/wp-content/plugins/js_composer/assets/images/icons/chart.png]
[starboy.finance/wp-content/plugins/js_composer/assets/images/icons/chart-pie.png]
[starboy.finance/wp-content/plugins/js_composer/assets/images/icons/clock.png]
[starboy.finance/wp-content/plugins/js_composer/assets/images/icons/control.png]
[starboy.finance/wp-content/plugins/js_composer/assets/images/icons/fire.png]
[starboy.finance/wp-content/plugins/js_composer/assets/images/icons/heart.png]
[starboy.finance/wp-content/plugins/js_composer/assets/images/icons/mail.png]
[starboy.finance/wp-content/plugins/js_composer/assets/images/icons/plus-shield.png]
[starboy.finance/wp-content/plugins/js_composer/assets/images/icons/video.png]
[starboy.finance/wp-content/plugins/js_composer/assets/fonts/vc_icons_v2/fonts/vcpb-plugin-iconsb82a.eot]
[starboy.finance/wp-content/plugins/js_composer/assets/fonts/vc_icons_v2/fonts/vcpb-plugin-iconsb82a.ttf]
[starboy.finance/wp-content/plugins/js_composer/assets/fonts/vc_icons_v2/fonts/vcpb-plugin-iconsb82a.woff]
[starboy.finance/wp-content/plugins/js_composer/assets/fonts/vc_icons_v2/fonts/vcpb-plugin-iconsb82a.svg]
[starboy.finance/wp-content/plugins/js_composer/assets/images/toggle_open.png]
[starboy.finance/wp-content/plugins/js_composer/assets/images/toggle_close.png]
[starboy.finance/wp-content/plugins/js_composer/assets/images/flickr.png]
[starboy.finance/wp-content/plugins/js_composer/assets/fonts/vc_grid/vc_grid_v157a1.eot]
[starboy.finance/wp-content/plugins/js_composer/assets/fonts/vc_grid/vc_grid_v1d41d.eot]
[starboy.finance/wp-content/plugins/js_composer/assets/fonts/vc_grid/vc_grid_v157a1.woff]
[starboy.finance/wp-content/plugins/js_composer/assets/fonts/vc_grid/vc_grid_v157a1.ttf]
[starboy.finance/wp-content/plugins/js_composer/assets/fonts/vc_grid/vc_grid_v157a1.svg]
[starboy.finance/wp-content/plugins/js_composer/assets/images/spinner.gif]
[starboy.finance/wp-content/plugins/js_composer/assets/vc/remove.png]
[starboy.finance/wp-content/plugins/js_composer/assets/css/js_composer.mine6df.css]
[starboy.finance/wp-content/plugins/pearl-header-builder/assets/frontend/assets/css/header/main5152.css]
[starboy.finance/wp-content/plugins/pearl-header-builder/assets/frontend/assets/vendor/sticky5152.css]
[starboy.finance/wp-content/plugins/pearl-header-builder/assets/frontend/assets/fonts/fontawesome-webfont3e6e.eot]
[starboy.finance/wp-content/plugins/pearl-header-builder/assets/frontend/assets/fonts/fontawesome-webfontd41d.eot]
[starboy.finance/wp-content/plugins/pearl-header-builder/assets/frontend/assets/fonts/fontawesome-webfont3e6e.woff2]
[starboy.finance/wp-content/plugins/pearl-header-builder/assets/frontend/assets/fonts/fontawesome-webfont3e6e.woff]
[starboy.finance/wp-content/plugins/pearl-header-builder/assets/frontend/assets/fonts/fontawesome-webfont3e6e.ttf]
[starboy.finance/wp-content/plugins/pearl-header-builder/assets/frontend/assets/css/font-awesome.min5152.css]
[starboy.finance/wp-admin/admin-ajax.html]
[starboy.finance/wp-content/plugins/js_composer/assets/lib/bower/animate-css/animate.mine6df.css]
[starboy.finance/wp-content/plugins/pearl-header-builder/assets/frontend/assets/fonts/fontawesome-webfont3e6e.svg]
[starboy.finance/wp-content/plugins/js_composer/assets/css/lib/typicons/src/font/typicons.eot]
[starboy.finance/wp-content/plugins/js_composer/assets/css/lib/typicons/src/font/typiconsd41d.eot]
[starboy.finance/wp-content/plugins/js_composer/assets/css/lib/typicons/src/font/typicons.woff]
[starboy.finance/wp-content/plugins/js_composer/assets/css/lib/typicons/src/font/typicons.ttf]
[starboy.finance/wp-content/plugins/js_composer/assets/css/lib/typicons/src/font/typicons.mine6df.css]
[starboy.finance/wp-content/plugins/js_composer/assets/lib/bower/font-awesome/css/v4-shims.mine6df.css]
[starboy.finance/wp-content/plugins/js_composer/assets/css/lib/typicons/src/font/typicons.svg]
[starboy.finance/wp-content/plugins/js_composer/assets/lib/bower/font-awesome/webfonts/fa-brands-400.eot]
[starboy.finance/wp-content/plugins/js_composer/assets/lib/bower/font-awesome/webfonts/fa-brands-400d41d.eot]
[starboy.finance/wp-content/plugins/js_composer/assets/lib/bower/font-awesome/webfonts/fa-brands-400.woff2]
[starboy.finance/wp-content/plugins/js_composer/assets/lib/bower/font-awesome/webfonts/fa-brands-400.woff]
[starboy.finance/wp-content/plugins/js_composer/assets/lib/bower/font-awesome/webfonts/fa-brands-400.ttf]
[starboy.finance/wp-content/plugins/js_composer/assets/lib/bower/font-awesome/webfonts/fa-brands-400.svg]
[starboy.finance/wp-content/plugins/js_composer/assets/lib/bower/font-awesome/webfonts/fa-regular-400.eot]
[starboy.finance/wp-content/plugins/js_composer/assets/lib/bower/font-awesome/webfonts/fa-regular-400d41d.eot]
[starboy.finance/wp-content/plugins/js_composer/assets/lib/bower/font-awesome/webfonts/fa-regular-400.woff2]
[starboy.finance/wp-content/plugins/js_composer/assets/lib/bower/font-awesome/webfonts/fa-regular-400.woff]
[starboy.finance/wp-content/plugins/js_composer/assets/lib/bower/font-awesome/webfonts/fa-regular-400.ttf]
[starboy.finance/wp-content/plugins/js_composer/assets/lib/bower/font-awesome/webfonts/fa-regular-400.svg]
[starboy.finance/wp-content/plugins/js_composer/assets/lib/bower/font-awesome/webfonts/fa-solid-900.eot]
[starboy.finance/wp-content/plugins/js_composer/assets/lib/bower/font-awesome/webfonts/fa-solid-900d41d.eot]
[starboy.finance/wp-content/plugins/js_composer/assets/lib/bower/font-awesome/webfonts/fa-solid-900.woff2]
[starboy.finance/wp-content/plugins/js_composer/assets/lib/bower/font-awesome/webfonts/fa-solid-900.woff]
[starboy.finance/wp-content/plugins/js_composer/assets/lib/bower/font-awesome/webfonts/fa-solid-900.ttf]
[starboy.finance/wp-content/plugins/js_composer/assets/lib/bower/font-awesome/css/all.mine6df.css]
[starboy.finance/wp-content/themes/crypterio/assets/css/shared/vc/stm_panel_box8066.css]
[starboy.finance/wp-content/themes/crypterio/assets/css/shared/vc/stm_timeline_white8066.css]
[starboy.finance/wp-content/uploads/stm_fonts/stmicons/stme66f.svg]
[starboy.finance/wp-content/themes/crypterio/assets/fonts/glyphicons-halflings-regular.svg]
[starboy.finance/wp-content/themes/crypterio/assets/fonts/font-awesome/fonts/fa-brands-400.svg]
[starboy.finance/wp-content/themes/crypterio/assets/fonts/font-awesome/fonts/fa-regular-400.svg]
[starboy.finance/wp-content/themes/crypterio/assets/fonts/font-awesome/fonts/fa-solid-900.svg]
[starboy.finance/wp-content/plugins/js_composer/assets/fonts/vc_icons_v2/fonts/vcpb-plugin-iconsb82a.svg]
[starboy.finance/wp-content/plugins/js_composer/assets/vc/blur.svg]
[starboy.finance/wp-content/plugins/js_composer/assets/fonts/vc_grid/vc_grid_v157a1.svg]
[starboy.finance/wp-content/plugins/pearl-header-builder/assets/frontend/assets/fonts/fontawesome-webfont3e6e.svg]
[starboy.finance/wp-content/plugins/js_composer/assets/css/lib/typicons/src/font/typicons.svg]
[starboy.finance/wp-content/plugins/js_composer/assets/lib/bower/font-awesome/webfonts/fa-brands-400.svg]
[starboy.finance/wp-content/plugins/js_composer/assets/lib/bower/font-awesome/webfonts/fa-regular-400.svg]
[starboy.finance/wp-content/plugins/js_composer/assets/lib/bower/font-awesome/webfonts/fa-solid-900.svg]
[starboy.finance/wp-content/plugins/js_composer/assets/lib/bower/font-awesome/webfonts/fa-solid-900.svg]
